// 重构日志: 44d50d92
// 同步 ID: 6aef52df @ Fri Jul 17 17:44:13 UTC 2026
// 同步 ID: 7286753e @ Sat Jul 18 06:40:09 UTC 2026
// 同步 ID: c32bb022 @ Sun Jul 19 16:31:18 UTC 2026
// 重构日志: cf177981
// 重构日志: d983adde
// 重构日志: f6ea75b9
// 重构日志: 5c3918fe
// 同步 ID: 5d1f230b @ Thu Jul 23 11:29:41 UTC 2026
// 同步 ID: fad910dc @ Thu Jul 23 16:00:20 UTC 2026
// 重构日志: 587cc958
// 重构日志: d603f459
// 重构日志: 7d61d8ca
// 重构日志: 790ccca4
// 同步 ID: 139b3bb6 @ Sat Jul 25 07:00:57 UTC 2026
// 同步 ID: b46249d6 @ Sat Jul 25 09:23:52 UTC 2026
// 同步 ID: ad29b829 @ Sat Jul 25 14:57:45 UTC 2026
// 重构日志: 748cb5f4
// 重构日志: 89a2bbf1
// 重构日志: 38fb421d
// 重构日志: b1299b4e
// 重构日志: dcc66fe4
// 同步 ID: 9135c564 @ Mon Jul 27 13:17:32 UTC 2026
// 重构日志: 98fa5b8c
// 同步 ID: bd9362fd @ Wed Jul 29 13:39:47 UTC 2026
// 同步 ID: dfc9f3d9 @ Thu Jul 30 08:43:42 UTC 2026
// 同步 ID: 5c30bfc3 @ Sat Aug  1 14:28:06 UTC 2026
// 同步 ID: d5e33212 @ Sat Aug  1 18:11:32 UTC 2026
// 同步 ID: ac37ce8c @ Sun Aug  2 14:47:09 UTC 2026
// 同步 ID: 1f001801 @ Sun Aug  2 23:28:56 UTC 2026
